// Jest Snapshot v1, https://goo.gl/fbAQLP

exports[`renders homepage unchanged 1`] = `
<div
  className="container"
>
  <main
    className="w-4/5 bg-white"
  >
    <h1
      className="text-6xl font-bold	text-center"
    >
      Make Time Tactics
    </h1>
    <p
      className="description"
    >
      Randomize your tactics.
    </p>
    <button
      className="btn btn-blue my-2"
      onClick={[Function]}
    >
      Random!
    </button>
    <div
      className="flex w-full space-x-4 px-8"
    >
      <div
        className="w-1/3 my-8 p-4 border border-gray-700 rounded"
      >
        <h2
          className="text-center text-xl font-bold"
        >
          Highlight
        </h2>
      </div>
      <div
        className="w-1/3 my-8 p-4 border border-gray-700 rounded"
      >
        <h2
          className="text-center text-xl font-bold"
        >
          Laser
        </h2>
      </div>
      <div
        className="w-1/3 my-8 p-4 border border-gray-700 rounded"
      >
        <h2
          className="text-center text-xl font-bold"
        >
          Energize
        </h2>
      </div>
    </div>
    <p>
      <a
        className="text-blue-500"
        href="https://maketimebook.com"
        target="_blank"
      >
        About "Make Time" Book
      </a>
    </p>
    <p>
      <a
        className="text-blue-500"
        href="https://github.com/narze/make-time-tactics"
        target="_blank"
      >
        Fork on Github
      </a>
    </p>
  </main>
</div>
`;
