// Jest Snapshot v1, https://goo.gl/fbAQLP

exports[`renders homepage unchanged 1`] = `
<div
  className="container"
>
  <main>
    <h1
      className="title"
    >
      Make Time Tactics
    </h1>
    <p
      className="description"
    >
      Randomize your tactics.
      <br />
      <button
        className="button"
        onClick={[Function]}
      >
        Random!
      </button>
    </p>
    <div
      className="grid"
    />
    <p>
      <a
        href="https://maketimebook.com"
      >
        About "Make Time" Book
      </a>
    </p>
  </main>
</div>
`;
